../Core/Src/main.c:99:13:prepare_frame	16	static
../Core/Src/main.c:113:13:i2c_arm	8	static
../Core/Src/main.c:124:6:HAL_I2C_SlaveTxCpltCallback	16	static
../Core/Src/main.c:140:6:HAL_I2C_ErrorCallback	16	static
../Core/Src/main.c:151:6:HAL_TIM_PeriodElapsedCallback	16	static
../Core/Src/main.c:162:5:main	16	static
../Core/Src/main.c:276:6:SystemClock_Config	88	static
../Core/Src/main.c:318:13:MX_I2C2_Init	8	static
../Core/Src/main.c:366:13:MX_TIM2_Init	40	static
../Core/Src/main.c:411:13:MX_USART3_UART_Init	8	static
../Core/Src/main.c:446:13:MX_GPIO_Init	16	static
../Core/Src/main.c:469:6:Error_Handler	4	static,ignoring_inline_asm
